opencode web

start opencode server and open web interface

Options:
  -h, --help         show help                                                             [boolean]
  -v, --version      show version number                                                   [boolean]
      --print-logs   print logs to stderr                                                  [boolean]
      --log-level    log level                  [string] [choices: "DEBUG", "INFO", "WARN", "ERROR"]
      --port         port to listen on                                         [number] [default: 0]
      --hostname     hostname to listen on                           [string] [default: "127.0.0.1"]
      --mdns         enable mDNS service discovery (defaults hostname to 0.0.0.0)
                                                                          [boolean] [default: false]
      --mdns-domain  custom domain name for mDNS service (default: opencode.local)
                                                                [string] [default: "opencode.local"]
      --cors         additional domains to allow for CORS                      [array] [default: []]
[93m[1m!  OPENCODE_SERVER_PASSWORD is not set; server is unsecured.
[0m
                                   [0m▄[0m     
  [90m█[0m[90m▀[0m[90m▀[0m[90m█[0m [90m█[0m[90m▀[0m[90m▀[0m[90m█[0m [90m█[0m[90m▀[0m[90m▀[0m[90m█[0m [90m█[0m[90m▀[0m[90m▀[0m[90m▄[0m [0m█[0m[0m▀[0m[0m▀[0m[0m▀[0m [0m█[0m[0m▀[0m[0m▀[0m[0m█[0m [0m█[0m[0m▀[0m[0m▀[0m[0m█[0m [0m█[0m[0m▀[0m[0m▀[0m[0m█[0m
  [90m█[0m[48;5;235m [0m[48;5;235m [0m[90m█[0m [90m█[0m[48;5;235m [0m[48;5;235m [0m[90m█[0m [90m█[0m[90m[48;5;235m▀[0m[90m[48;5;235m▀[0m[90m[48;5;235m▀[0m [90m█[0m[48;5;235m [0m[48;5;235m [0m[90m█[0m [0m█[0m[48;5;238m [0m[48;5;238m [0m[48;5;238m [0m [0m█[0m[48;5;238m [0m[48;5;238m [0m[0m█[0m [0m█[0m[48;5;238m [0m[48;5;238m [0m[0m█[0m [0m█[0m[0m[48;5;238m▀[0m[0m[48;5;238m▀[0m[0m[48;5;238m▀[0m
  [90m▀[0m[90m▀[0m[90m▀[0m[90m▀[0m [90m█[0m[90m▀[0m[90m▀[0m[90m▀[0m [90m▀[0m[90m▀[0m[90m▀[0m[90m▀[0m [90m▀[0m[38;5;235m▀[0m[38;5;235m▀[0m[90m▀[0m [0m▀[0m[0m▀[0m[0m▀[0m[0m▀[0m [0m▀[0m[0m▀[0m[0m▀[0m[0m▀[0m [0m▀[0m[0m▀[0m[0m▀[0m[0m▀[0m [0m▀[0m[0m▀[0m[0m▀[0m[0m▀[0m
[0m
[94m[1m  Local access:       [0m http://localhost:3000
[94m[1m  Network access:     [0m http://192.168.1.91:3000
[94m[1m  Network access:     [0m http://100.64.254.19:3000
[93m[1m!  OPENCODE_SERVER_PASSWORD is not set; server is unsecured.
[91m[1mError: [0mUnexpected error, check log file at /home/ubuntu/.local/share/opencode/log/2026-03-20T123621.log for more details

Failed to start server on port 3000
